// Jest Snapshot v1, https://goo.gl/fbAQLP

exports[`NavbarRoutes should render match snapshot 1`] = `Promise {}`;
