// Jest Snapshot v1, https://goo.gl/fbAQLP

exports[`HomeLayout should render match snapshot 1`] = `Promise {}`;
