// Jest Snapshot v1, https://goo.gl/fbAQLP

exports[`TypingEffect should render match snapshot 1`] = `Promise {}`;
