// Jest Snapshot v1, https://goo.gl/fbAQLP

exports[`Picture should render match snapshot 1`] = `Promise {}`;
