// Jest Snapshot v1, https://goo.gl/fbAQLP

exports[`Profile should render match snapshot 1`] = `Promise {}`;
