// Jest Snapshot v1, https://goo.gl/fbAQLP

exports[`SocialNetwork should render match snapshot 1`] = `Promise {}`;
