// Jest Snapshot v1, https://goo.gl/fbAQLP

exports[`MainLayout should render match snapshot 1`] = `Promise {}`;
