// Jest Snapshot v1, https://goo.gl/fbAQLP

exports[`GiantText should render match snapshot 1`] = `Promise {}`;
